can decrease size but on solving increased size crashes
crashes when no maze generated